SHA256 check: all_match
robust start threads={'s1': '1', 's2': '1'}
RW W=120 cpu=2core repeat=0 engine=A 5000 req 5.0s affinity=[0, 1]
RW W=120 cpu=2core repeat=0 engine=B1 5000 req 7.0s affinity=[0, 1]
RW W=120 cpu=2core repeat=0 engine=B2 5000 req 4.0s affinity=[0, 1]
RW W=30 cpu=2core repeat=0 engine=B1 5000 req 6.0s affinity=[0, 1]
RW W=30 cpu=2core repeat=0 engine=B2 5000 req 4.0s affinity=[0, 1]
RW W=30 cpu=2core repeat=0 engine=A 5000 req 5.0s affinity=[0, 1]
RW W=10 cpu=2core repeat=0 engine=A 5000 req 5.0s affinity=[0, 1]
RW W=10 cpu=2core repeat=0 engine=B2 5000 req 4.0s affinity=[0, 1]
RW W=10 cpu=2core repeat=0 engine=B1 5000 req 6.0s affinity=[0, 1]
RW W=60 cpu=2core repeat=0 engine=A 5000 req 5.0s affinity=[0, 1]
RW W=60 cpu=2core repeat=0 engine=B2 5000 req 4.0s affinity=[0, 1]
RW W=60 cpu=2core repeat=0 engine=B1 5000 req 7.0s affinity=[0, 1]
RC W=30 cpu=2core repeat=0 engine=A 5000 req 5.0s affinity=[0, 1]
RC W=30 cpu=2core repeat=0 engine=B2 5000 req 4.0s affinity=[0, 1]
RC W=30 cpu=2core repeat=0 engine=B1 5000 req 6.0s affinity=[0, 1]
RC W=30 cpu=1core repeat=0 engine=B1 5000 req 6.0s affinity=[0]
RC W=30 cpu=1core repeat=0 engine=B2 5000 req 4.0s affinity=[0]
RC W=30 cpu=1core repeat=0 engine=A 5000 req 5.0s affinity=[0]
RW W=60 cpu=2core repeat=1 engine=B2 5000 req 4.0s affinity=[0, 1]
RW W=60 cpu=2core repeat=1 engine=A 5000 req 5.0s affinity=[0, 1]
RW W=60 cpu=2core repeat=1 engine=B1 5000 req 6.0s affinity=[0, 1]
RW W=10 cpu=2core repeat=1 engine=B2 5000 req 4.0s affinity=[0, 1]
RW W=10 cpu=2core repeat=1 engine=A 5000 req 5.0s affinity=[0, 1]
RW W=10 cpu=2core repeat=1 engine=B1 5000 req 6.0s affinity=[0, 1]
RW W=30 cpu=2core repeat=1 engine=B2 5000 req 4.0s affinity=[0, 1]
RW W=30 cpu=2core repeat=1 engine=A 5000 req 5.0s affinity=[0, 1]
RW W=30 cpu=2core repeat=1 engine=B1 5000 req 6.0s affinity=[0, 1]
RW W=120 cpu=2core repeat=1 engine=B2 5000 req 4.0s affinity=[0, 1]
RW W=120 cpu=2core repeat=1 engine=A 5000 req 5.0s affinity=[0, 1]
RW W=120 cpu=2core repeat=1 engine=B1 5000 req 7.0s affinity=[0, 1]
RC W=30 cpu=2core repeat=1 engine=B2 5000 req 4.0s affinity=[0, 1]
RC W=30 cpu=2core repeat=1 engine=A 5000 req 5.0s affinity=[0, 1]
RC W=30 cpu=2core repeat=1 engine=B1 5000 req 6.0s affinity=[0, 1]
RC W=30 cpu=1core repeat=1 engine=B1 5000 req 6.0s affinity=[0]
RC W=30 cpu=1core repeat=1 engine=A 5000 req 5.0s affinity=[0]
RC W=30 cpu=1core repeat=1 engine=B2 5000 req 4.0s affinity=[0]
RW W=30 cpu=2core repeat=2 engine=B2 5000 req 4.0s affinity=[0, 1]
RW W=30 cpu=2core repeat=2 engine=B1 5000 req 6.0s affinity=[0, 1]
RW W=30 cpu=2core repeat=2 engine=A 5000 req 5.0s affinity=[0, 1]
RW W=120 cpu=2core repeat=2 engine=B2 5000 req 4.0s affinity=[0, 1]
RW W=120 cpu=2core repeat=2 engine=A 5000 req 5.0s affinity=[0, 1]
RW W=120 cpu=2core repeat=2 engine=B1 5000 req 7.0s affinity=[0, 1]
RW W=60 cpu=2core repeat=2 engine=B1 5000 req 7.0s affinity=[0, 1]
RW W=60 cpu=2core repeat=2 engine=A 5000 req 5.0s affinity=[0, 1]
RW W=60 cpu=2core repeat=2 engine=B2 5000 req 4.0s affinity=[0, 1]
RW W=10 cpu=2core repeat=2 engine=B1 5000 req 6.0s affinity=[0, 1]
RW W=10 cpu=2core repeat=2 engine=A 5000 req 5.0s affinity=[0, 1]
RW W=10 cpu=2core repeat=2 engine=B2 5000 req 4.0s affinity=[0, 1]
RC W=30 cpu=1core repeat=2 engine=B2 5000 req 4.0s affinity=[0]
RC W=30 cpu=1core repeat=2 engine=A 5000 req 5.0s affinity=[0]
RC W=30 cpu=1core repeat=2 engine=B1 5000 req 6.0s affinity=[0]
RC W=30 cpu=2core repeat=2 engine=A 5000 req 5.0s affinity=[0, 1]
RC W=30 cpu=2core repeat=2 engine=B1 5000 req 6.0s affinity=[0, 1]
RC W=30 cpu=2core repeat=2 engine=B2 5000 req 4.0s affinity=[0, 1]
RW W=30 cpu=2core repeat=3 engine=A 5000 req 5.0s affinity=[0, 1]
RW W=30 cpu=2core repeat=3 engine=B1 5000 req 7.0s affinity=[0, 1]
RW W=30 cpu=2core repeat=3 engine=B2 5000 req 4.0s affinity=[0, 1]
RW W=120 cpu=2core repeat=3 engine=B2 5000 req 4.0s affinity=[0, 1]
RW W=120 cpu=2core repeat=3 engine=A 5000 req 5.0s affinity=[0, 1]
RW W=120 cpu=2core repeat=3 engine=B1 5000 req 7.0s affinity=[0, 1]
RW W=60 cpu=2core repeat=3 engine=A 5000 req 5.0s affinity=[0, 1]
RW W=60 cpu=2core repeat=3 engine=B2 5000 req 4.0s affinity=[0, 1]
RW W=60 cpu=2core repeat=3 engine=B1 5000 req 6.0s affinity=[0, 1]
RW W=10 cpu=2core repeat=3 engine=B1 5000 req 6.0s affinity=[0, 1]
RW W=10 cpu=2core repeat=3 engine=A 5000 req 5.0s affinity=[0, 1]
RW W=10 cpu=2core repeat=3 engine=B2 5000 req 4.0s affinity=[0, 1]
RC W=30 cpu=2core repeat=3 engine=A 5000 req 5.0s affinity=[0, 1]
RC W=30 cpu=2core repeat=3 engine=B2 5000 req 4.0s affinity=[0, 1]
RC W=30 cpu=2core repeat=3 engine=B1 5000 req 6.0s affinity=[0, 1]
RC W=30 cpu=1core repeat=3 engine=A 5000 req 5.0s affinity=[0]
RC W=30 cpu=1core repeat=3 engine=B2 5000 req 4.0s affinity=[0]
RC W=30 cpu=1core repeat=3 engine=B1 5000 req 6.0s affinity=[0]
RW W=30 cpu=2core repeat=4 engine=B1 5000 req 6.0s affinity=[0, 1]
RW W=30 cpu=2core repeat=4 engine=B2 5000 req 4.0s affinity=[0, 1]
RW W=30 cpu=2core repeat=4 engine=A 5000 req 5.0s affinity=[0, 1]
RW W=60 cpu=2core repeat=4 engine=B1 5000 req 6.0s affinity=[0, 1]
RW W=60 cpu=2core repeat=4 engine=B2 5000 req 4.0s affinity=[0, 1]
RW W=60 cpu=2core repeat=4 engine=A 5000 req 5.0s affinity=[0, 1]
RW W=120 cpu=2core repeat=4 engine=A 5000 req 6.0s affinity=[0, 1]
RW W=120 cpu=2core repeat=4 engine=B2 5000 req 4.0s affinity=[0, 1]
RW W=120 cpu=2core repeat=4 engine=B1 5000 req 7.0s affinity=[0, 1]
RW W=10 cpu=2core repeat=4 engine=B1 5000 req 6.0s affinity=[0, 1]
RW W=10 cpu=2core repeat=4 engine=A 5000 req 5.0s affinity=[0, 1]
RW W=10 cpu=2core repeat=4 engine=B2 5000 req 4.0s affinity=[0, 1]
RC W=30 cpu=2core repeat=4 engine=B1 5000 req 6.0s affinity=[0, 1]
RC W=30 cpu=2core repeat=4 engine=B2 5000 req 4.0s affinity=[0, 1]
RC W=30 cpu=2core repeat=4 engine=A 5000 req 5.0s affinity=[0, 1]
RC W=30 cpu=1core repeat=4 engine=A 5000 req 5.0s affinity=[0]
RC W=30 cpu=1core repeat=4 engine=B1 5000 req 6.0s affinity=[0]
RC W=30 cpu=1core repeat=4 engine=B2 5000 req 4.0s affinity=[0]
robust end 0 0
